============================= test session starts ==============================
platform linux -- Python 3.13.11, pytest-9.0.2, pluggy-1.5.0
rootdir: /home/users/astar/ihpc/zhenll/nanochat
configfile: pyproject.toml
plugins: anyio-4.12.1
collected 33 items

tests/test_qwen3_moe_experts.py ......FFFFF........FF..F....F....        [100%]

=================================== FAILURES ===================================
_______ test_rank1_gate_projection_bias_matches_outer_product_in_forward _______

    def test_rank1_gate_projection_bias_matches_outer_product_in_forward():
        torch.manual_seed(0)
>       config = GPTConfig(
            n_exp=2,
            n_embd=4,
            use_exp_gate_proj_bias=True,
            exp_gate_proj_bias_mode="rank1",
            debug=False,
        )

tests/test_qwen3_moe_experts.py:178: 
_ _ _ _ _ _ _ _ _ _ _ _ _ _ _ _ _ _ _ _ _ _ _ _ _ _ _ _ _ _ _ _ _ _ _ _ _ _ _ _ 

self = <nanochat.configuration_nanomoe_gpt.GPTConfig object at 0x155553198f50>
sequence_len = 2048, vocab_size = 50304, n_layer = 8, n_head = 12
n_kv_head = None, n_embd = 4, n_exp = 2, moe_top_k = 2, use_aux_loss = True
use_aux_free_load_balancing = False
aux_free_load_balancing_bias_update_speed = 0.001, use_router_z_loss = True
z_loss_demean_logits = True, z_loss_penalize_mean_logits = True
use_router_ortho_loss = True, router_ortho_loss_target = 'gate_proj'
use_exp_gate_proj_bias = True, exp_gate_proj_bias_mode = 'rank1'
exp_gate_proj_bias_input = 'top_logits'
use_gate_proj_bias_as_slope_scaler = False, gate_proj_bias_start_layer = 0
gate_stats_threshold = 0.1, gate_stats_topk = 16
gate_proj_bias_l2_loss_weight = 0.0, refresh_gate_proj_bias_references = False
use_noisy_top_k = False, aux_loss_weight = 0.001, router_z_loss_weight = 1e-05
router_z_loss_input_grad_scale = 0.1, router_ortho_loss_weight = 1e-05
router_ortho_neg_corr_weight = 1.0, train_capacity = 1, eval_capacity = 3.0
min_capacity = 4, moe_layer_stride = 1, moe_start_layer = 2, num_moe_layers = -1
router_use_full_prec = False, use_qwen3_moe_mlp = True
use_qwen3_dense_mlp = True, bilinear_mlp_moe = False, window_pattern = 'SSSL'
loss_chunk_tokens = None, debug = False, kwargs = {}
valid_router_ortho_loss_targets = {'gate_proj'}, legacy_bilinear_mlp = None
valid_exp_gate_proj_bias_modes = {'full'}

    def __init__(
        self,
        sequence_len: int = 2048,
        vocab_size: int = 50304,  # GPT-2 vocab_size of 50257, padded up to nearest multiple of 64 for efficiency
        n_layer: int = 8,
        n_head: int = 12,
        n_kv_head: int = None,  # if None, n_kv_head = n_head
        n_embd: int = 768,
        # MoE-related configs
        n_exp: int = 64,  # if n_exp = 1 we just use regular MLP layers
        moe_top_k: int = 2,  # renamed from top_k to avoid conflict with generation top_k
        use_aux_loss: bool = True,  # apply auxiliary loss (from Switch Transformer) in router
        use_aux_free_load_balancing: bool = False,  # use DeepSeekV3 auxiliary-loss-free load balancing via expert-selection bias updates
        aux_free_load_balancing_bias_update_speed: float = 1e-3,  # DeepSeekV3 expert-bias update coefficient
        use_router_z_loss: bool = True,  # apply router z loss (from ST-MoE)
        z_loss_demean_logits: bool = True,  # fix router z loss bug by removing mean of logits
        z_loss_penalize_mean_logits: bool = True,  # penalize mean logits in router z loss
        use_router_ortho_loss: bool = True,  # apply router orthogonality loss
        router_ortho_loss_target: str = "gate_proj",  # which expert projection to orthogonalize against router.w_g
        use_exp_gate_proj_bias: bool = False,  # add a learnable bias to Qwen3 expert gate activations after gate_proj and SiLU
        exp_gate_proj_bias_mode: str = "full",
        exp_gate_proj_bias_input: str = "top_logits",
        use_gate_proj_bias_as_slope_scaler: bool = False,
        gate_proj_bias_start_layer: int = 0,
        gate_stats_threshold: float = 0.1,
        gate_stats_topk: int = 16,
        gate_proj_bias_l2_loss_weight: float = 0.0,
        refresh_gate_proj_bias_references: bool = False,
        use_noisy_top_k: bool = False,
        aux_loss_weight: float = 0.001,  # default setting from Switch Transformer (see top of page 8)
        # router z loss: around 160~200. So we use a very small weight to avoid overwhelming the main loss, and we also scale down gradients to router inputs when computing z loss to further stabilize training.
        router_z_loss_weight: float = 1e-5,  # Much smaller than the setting used in ST-MoE (see page 8 eq. 6)
        router_z_loss_input_grad_scale: float = 0.1,  # scale down gradients to router input when computing router z loss.
        router_ortho_loss_weight: float = 1e-5,  # default weight for orthogonality loss
        router_ortho_neg_corr_weight: float = 1.0,  # weight for negative correlations in router-ortho loss
        train_capacity: float = 1,      # slightly smaller than 1.25, the default setting from ST-MoE (see top of page 6)
        eval_capacity: float = 3.0,     # 3.0 leads slightly better performance than 2.0 on CORE.
        min_capacity: int = 4,  # minimum batch size to send to any single expert
        moe_layer_stride: int = 1,  # one in every stride layers are converted to an MoE
        moe_start_layer: int = 2,  # layer index to start using MoE layers, if n_exp > 1
        num_moe_layers: int = -1,  # total number of MoE layers from moe_start_layer onward (-1 = all eligible layers)
        router_use_full_prec: bool = False,  # use float32 precision in the router
        use_qwen3_moe_mlp: bool = True,  # use Qwen3-style MoE MLPs
        use_qwen3_dense_mlp: bool = True,  # use Qwen3-style dense MLPs in non-MoE layers
        bilinear_mlp_moe: bool = False,  # disable SiLU gating in Qwen3-style MoE MLPs and use raw bilinear gating instead
        # Sliding window attention pattern string, tiled across layers. Final layer always L.
        # Characters: L=long (full context), S=short (half context)
        # Examples: "L"=all full context, "SL"=alternating, "SSL"=two short then one long
        window_pattern: str = "SSSL",
        loss_chunk_tokens: int | None = None,
        debug: bool = False,
        **kwargs,
    ):
        kwargs.pop('use_experts_gate_output_loss', None)
        kwargs.pop('experts_gate_output_loss_weight', None)
        self.sequence_len = sequence_len
        self.vocab_size = vocab_size
        self.n_layer = n_layer
        self.n_head = n_head
        self.n_kv_head = n_kv_head if n_kv_head is not None else n_head
        self.n_embd = n_embd
        self.num_hidden_layers = n_layer    # For compatibility with lm-eval
        self.num_attention_heads = n_head   # For compatibility with lm-eval
        self.hidden_size = n_embd           # For compatibility with lm-eval
        self.n_exp = n_exp
        self.moe_top_k = moe_top_k  # Store with moe_ prefix to avoid HF generation conflict
        self.use_aux_loss = use_aux_loss
        self.use_aux_free_load_balancing = use_aux_free_load_balancing
        self.aux_free_load_balancing_bias_update_speed = aux_free_load_balancing_bias_update_speed
        self.use_router_z_loss = use_router_z_loss
        self.z_loss_demean_logits = z_loss_demean_logits
        self.z_loss_penalize_mean_logits = z_loss_penalize_mean_logits
        self.use_router_ortho_loss = use_router_ortho_loss
        valid_router_ortho_loss_targets = {"gate_proj"}
        if router_ortho_loss_target not in valid_router_ortho_loss_targets:
            raise ValueError(
                "router_ortho_loss_target must be one of "
                f"{sorted(valid_router_ortho_loss_targets)}, got {router_ortho_loss_target!r}"
            )
        self.router_ortho_loss_target = router_ortho_loss_target
        kwargs.pop('use_dense_gate_proj_bias', None)
        kwargs.pop('dense_gate_proj_bias_l2_loss_weight', None)
        legacy_bilinear_mlp = kwargs.pop('bilinear_mlp', None)
        self.use_exp_gate_proj_bias = bool(use_exp_gate_proj_bias)
        kwargs.pop('gate_proj_bias_residual_l2_loss_weight', None)
        valid_exp_gate_proj_bias_modes = {"full"}
        if exp_gate_proj_bias_mode not in valid_exp_gate_proj_bias_modes:
>           raise ValueError(
                "exp_gate_proj_bias_mode must be one of "
                f"{sorted(valid_exp_gate_proj_bias_modes)}, got {exp_gate_proj_bias_mode!r}"
            )
E           ValueError: exp_gate_proj_bias_mode must be one of ['full'], got 'rank1'

nanochat/configuration_nanomoe_gpt.py:96: ValueError
___ test_rank1_residual_gate_projection_bias_adds_dense_residual_in_forward ____

    def test_rank1_residual_gate_projection_bias_adds_dense_residual_in_forward():
        torch.manual_seed(0)
>       config = GPTConfig(
            n_exp=2,
            n_embd=4,
            use_exp_gate_proj_bias=True,
            exp_gate_proj_bias_mode="rank1_residual",
            debug=False,
        )

tests/test_qwen3_moe_experts.py:216: 
_ _ _ _ _ _ _ _ _ _ _ _ _ _ _ _ _ _ _ _ _ _ _ _ _ _ _ _ _ _ _ _ _ _ _ _ _ _ _ _ 

self = <nanochat.configuration_nanomoe_gpt.GPTConfig object at 0x155553198cd0>
sequence_len = 2048, vocab_size = 50304, n_layer = 8, n_head = 12
n_kv_head = None, n_embd = 4, n_exp = 2, moe_top_k = 2, use_aux_loss = True
use_aux_free_load_balancing = False
aux_free_load_balancing_bias_update_speed = 0.001, use_router_z_loss = True
z_loss_demean_logits = True, z_loss_penalize_mean_logits = True
use_router_ortho_loss = True, router_ortho_loss_target = 'gate_proj'
use_exp_gate_proj_bias = True, exp_gate_proj_bias_mode = 'rank1_residual'
exp_gate_proj_bias_input = 'top_logits'
use_gate_proj_bias_as_slope_scaler = False, gate_proj_bias_start_layer = 0
gate_stats_threshold = 0.1, gate_stats_topk = 16
gate_proj_bias_l2_loss_weight = 0.0, refresh_gate_proj_bias_references = False
use_noisy_top_k = False, aux_loss_weight = 0.001, router_z_loss_weight = 1e-05
router_z_loss_input_grad_scale = 0.1, router_ortho_loss_weight = 1e-05
router_ortho_neg_corr_weight = 1.0, train_capacity = 1, eval_capacity = 3.0
min_capacity = 4, moe_layer_stride = 1, moe_start_layer = 2, num_moe_layers = -1
router_use_full_prec = False, use_qwen3_moe_mlp = True
use_qwen3_dense_mlp = True, bilinear_mlp_moe = False, window_pattern = 'SSSL'
loss_chunk_tokens = None, debug = False, kwargs = {}
valid_router_ortho_loss_targets = {'gate_proj'}, legacy_bilinear_mlp = None
valid_exp_gate_proj_bias_modes = {'full'}

    def __init__(
        self,
        sequence_len: int = 2048,
        vocab_size: int = 50304,  # GPT-2 vocab_size of 50257, padded up to nearest multiple of 64 for efficiency
        n_layer: int = 8,
        n_head: int = 12,
        n_kv_head: int = None,  # if None, n_kv_head = n_head
        n_embd: int = 768,
        # MoE-related configs
        n_exp: int = 64,  # if n_exp = 1 we just use regular MLP layers
        moe_top_k: int = 2,  # renamed from top_k to avoid conflict with generation top_k
        use_aux_loss: bool = True,  # apply auxiliary loss (from Switch Transformer) in router
        use_aux_free_load_balancing: bool = False,  # use DeepSeekV3 auxiliary-loss-free load balancing via expert-selection bias updates
        aux_free_load_balancing_bias_update_speed: float = 1e-3,  # DeepSeekV3 expert-bias update coefficient
        use_router_z_loss: bool = True,  # apply router z loss (from ST-MoE)
        z_loss_demean_logits: bool = True,  # fix router z loss bug by removing mean of logits
        z_loss_penalize_mean_logits: bool = True,  # penalize mean logits in router z loss
        use_router_ortho_loss: bool = True,  # apply router orthogonality loss
        router_ortho_loss_target: str = "gate_proj",  # which expert projection to orthogonalize against router.w_g
        use_exp_gate_proj_bias: bool = False,  # add a learnable bias to Qwen3 expert gate activations after gate_proj and SiLU
        exp_gate_proj_bias_mode: str = "full",
        exp_gate_proj_bias_input: str = "top_logits",
        use_gate_proj_bias_as_slope_scaler: bool = False,
        gate_proj_bias_start_layer: int = 0,
        gate_stats_threshold: float = 0.1,
        gate_stats_topk: int = 16,
        gate_proj_bias_l2_loss_weight: float = 0.0,
        refresh_gate_proj_bias_references: bool = False,
        use_noisy_top_k: bool = False,
        aux_loss_weight: float = 0.001,  # default setting from Switch Transformer (see top of page 8)
        # router z loss: around 160~200. So we use a very small weight to avoid overwhelming the main loss, and we also scale down gradients to router inputs when computing z loss to further stabilize training.
        router_z_loss_weight: float = 1e-5,  # Much smaller than the setting used in ST-MoE (see page 8 eq. 6)
        router_z_loss_input_grad_scale: float = 0.1,  # scale down gradients to router input when computing router z loss.
        router_ortho_loss_weight: float = 1e-5,  # default weight for orthogonality loss
        router_ortho_neg_corr_weight: float = 1.0,  # weight for negative correlations in router-ortho loss
        train_capacity: float = 1,      # slightly smaller than 1.25, the default setting from ST-MoE (see top of page 6)
        eval_capacity: float = 3.0,     # 3.0 leads slightly better performance than 2.0 on CORE.
        min_capacity: int = 4,  # minimum batch size to send to any single expert
        moe_layer_stride: int = 1,  # one in every stride layers are converted to an MoE
        moe_start_layer: int = 2,  # layer index to start using MoE layers, if n_exp > 1
        num_moe_layers: int = -1,  # total number of MoE layers from moe_start_layer onward (-1 = all eligible layers)
        router_use_full_prec: bool = False,  # use float32 precision in the router
        use_qwen3_moe_mlp: bool = True,  # use Qwen3-style MoE MLPs
        use_qwen3_dense_mlp: bool = True,  # use Qwen3-style dense MLPs in non-MoE layers
        bilinear_mlp_moe: bool = False,  # disable SiLU gating in Qwen3-style MoE MLPs and use raw bilinear gating instead
        # Sliding window attention pattern string, tiled across layers. Final layer always L.
        # Characters: L=long (full context), S=short (half context)
        # Examples: "L"=all full context, "SL"=alternating, "SSL"=two short then one long
        window_pattern: str = "SSSL",
        loss_chunk_tokens: int | None = None,
        debug: bool = False,
        **kwargs,
    ):
        kwargs.pop('use_experts_gate_output_loss', None)
        kwargs.pop('experts_gate_output_loss_weight', None)
        self.sequence_len = sequence_len
        self.vocab_size = vocab_size
        self.n_layer = n_layer
        self.n_head = n_head
        self.n_kv_head = n_kv_head if n_kv_head is not None else n_head
        self.n_embd = n_embd
        self.num_hidden_layers = n_layer    # For compatibility with lm-eval
        self.num_attention_heads = n_head   # For compatibility with lm-eval
        self.hidden_size = n_embd           # For compatibility with lm-eval
        self.n_exp = n_exp
        self.moe_top_k = moe_top_k  # Store with moe_ prefix to avoid HF generation conflict
        self.use_aux_loss = use_aux_loss
        self.use_aux_free_load_balancing = use_aux_free_load_balancing
        self.aux_free_load_balancing_bias_update_speed = aux_free_load_balancing_bias_update_speed
        self.use_router_z_loss = use_router_z_loss
        self.z_loss_demean_logits = z_loss_demean_logits
        self.z_loss_penalize_mean_logits = z_loss_penalize_mean_logits
        self.use_router_ortho_loss = use_router_ortho_loss
        valid_router_ortho_loss_targets = {"gate_proj"}
        if router_ortho_loss_target not in valid_router_ortho_loss_targets:
            raise ValueError(
                "router_ortho_loss_target must be one of "
                f"{sorted(valid_router_ortho_loss_targets)}, got {router_ortho_loss_target!r}"
            )
        self.router_ortho_loss_target = router_ortho_loss_target
        kwargs.pop('use_dense_gate_proj_bias', None)
        kwargs.pop('dense_gate_proj_bias_l2_loss_weight', None)
        legacy_bilinear_mlp = kwargs.pop('bilinear_mlp', None)
        self.use_exp_gate_proj_bias = bool(use_exp_gate_proj_bias)
        kwargs.pop('gate_proj_bias_residual_l2_loss_weight', None)
        valid_exp_gate_proj_bias_modes = {"full"}
        if exp_gate_proj_bias_mode not in valid_exp_gate_proj_bias_modes:
>           raise ValueError(
                "exp_gate_proj_bias_mode must be one of "
                f"{sorted(valid_exp_gate_proj_bias_modes)}, got {exp_gate_proj_bias_mode!r}"
            )
E           ValueError: exp_gate_proj_bias_mode must be one of ['full'], got 'rank1_residual'

nanochat/configuration_nanomoe_gpt.py:96: ValueError
_______ test_rank1_residual_gate_projection_bias_residual_uses_tenth_lr ________

    def test_rank1_residual_gate_projection_bias_residual_uses_tenth_lr():
        torch.manual_seed(0)
>       config = GPTConfig(
            n_layer=1,
            moe_start_layer=0,
            moe_layer_stride=1,
            n_exp=2,
            n_embd=4,
            n_head=1,
            n_kv_head=1,
            use_exp_gate_proj_bias=True,
            exp_gate_proj_bias_mode="rank1_residual",
            debug=False,
        )

tests/test_qwen3_moe_experts.py:258: 
_ _ _ _ _ _ _ _ _ _ _ _ _ _ _ _ _ _ _ _ _ _ _ _ _ _ _ _ _ _ _ _ _ _ _ _ _ _ _ _ 

self = <nanochat.configuration_nanomoe_gpt.GPTConfig object at 0x15541f5de0d0>
sequence_len = 2048, vocab_size = 50304, n_layer = 1, n_head = 1, n_kv_head = 1
n_embd = 4, n_exp = 2, moe_top_k = 2, use_aux_loss = True
use_aux_free_load_balancing = False
aux_free_load_balancing_bias_update_speed = 0.001, use_router_z_loss = True
z_loss_demean_logits = True, z_loss_penalize_mean_logits = True
use_router_ortho_loss = True, router_ortho_loss_target = 'gate_proj'
use_exp_gate_proj_bias = True, exp_gate_proj_bias_mode = 'rank1_residual'
exp_gate_proj_bias_input = 'top_logits'
use_gate_proj_bias_as_slope_scaler = False, gate_proj_bias_start_layer = 0
gate_stats_threshold = 0.1, gate_stats_topk = 16
gate_proj_bias_l2_loss_weight = 0.0, refresh_gate_proj_bias_references = False
use_noisy_top_k = False, aux_loss_weight = 0.001, router_z_loss_weight = 1e-05
router_z_loss_input_grad_scale = 0.1, router_ortho_loss_weight = 1e-05
router_ortho_neg_corr_weight = 1.0, train_capacity = 1, eval_capacity = 3.0
min_capacity = 4, moe_layer_stride = 1, moe_start_layer = 0, num_moe_layers = -1
router_use_full_prec = False, use_qwen3_moe_mlp = True
use_qwen3_dense_mlp = True, bilinear_mlp_moe = False, window_pattern = 'SSSL'
loss_chunk_tokens = None, debug = False, kwargs = {}
valid_router_ortho_loss_targets = {'gate_proj'}, legacy_bilinear_mlp = None
valid_exp_gate_proj_bias_modes = {'full'}

    def __init__(
        self,
        sequence_len: int = 2048,
        vocab_size: int = 50304,  # GPT-2 vocab_size of 50257, padded up to nearest multiple of 64 for efficiency
        n_layer: int = 8,
        n_head: int = 12,
        n_kv_head: int = None,  # if None, n_kv_head = n_head
        n_embd: int = 768,
        # MoE-related configs
        n_exp: int = 64,  # if n_exp = 1 we just use regular MLP layers
        moe_top_k: int = 2,  # renamed from top_k to avoid conflict with generation top_k
        use_aux_loss: bool = True,  # apply auxiliary loss (from Switch Transformer) in router
        use_aux_free_load_balancing: bool = False,  # use DeepSeekV3 auxiliary-loss-free load balancing via expert-selection bias updates
        aux_free_load_balancing_bias_update_speed: float = 1e-3,  # DeepSeekV3 expert-bias update coefficient
        use_router_z_loss: bool = True,  # apply router z loss (from ST-MoE)
        z_loss_demean_logits: bool = True,  # fix router z loss bug by removing mean of logits
        z_loss_penalize_mean_logits: bool = True,  # penalize mean logits in router z loss
        use_router_ortho_loss: bool = True,  # apply router orthogonality loss
        router_ortho_loss_target: str = "gate_proj",  # which expert projection to orthogonalize against router.w_g
        use_exp_gate_proj_bias: bool = False,  # add a learnable bias to Qwen3 expert gate activations after gate_proj and SiLU
        exp_gate_proj_bias_mode: str = "full",
        exp_gate_proj_bias_input: str = "top_logits",
        use_gate_proj_bias_as_slope_scaler: bool = False,
        gate_proj_bias_start_layer: int = 0,
        gate_stats_threshold: float = 0.1,
        gate_stats_topk: int = 16,
        gate_proj_bias_l2_loss_weight: float = 0.0,
        refresh_gate_proj_bias_references: bool = False,
        use_noisy_top_k: bool = False,
        aux_loss_weight: float = 0.001,  # default setting from Switch Transformer (see top of page 8)
        # router z loss: around 160~200. So we use a very small weight to avoid overwhelming the main loss, and we also scale down gradients to router inputs when computing z loss to further stabilize training.
        router_z_loss_weight: float = 1e-5,  # Much smaller than the setting used in ST-MoE (see page 8 eq. 6)
        router_z_loss_input_grad_scale: float = 0.1,  # scale down gradients to router input when computing router z loss.
        router_ortho_loss_weight: float = 1e-5,  # default weight for orthogonality loss
        router_ortho_neg_corr_weight: float = 1.0,  # weight for negative correlations in router-ortho loss
        train_capacity: float = 1,      # slightly smaller than 1.25, the default setting from ST-MoE (see top of page 6)
        eval_capacity: float = 3.0,     # 3.0 leads slightly better performance than 2.0 on CORE.
        min_capacity: int = 4,  # minimum batch size to send to any single expert
        moe_layer_stride: int = 1,  # one in every stride layers are converted to an MoE
        moe_start_layer: int = 2,  # layer index to start using MoE layers, if n_exp > 1
        num_moe_layers: int = -1,  # total number of MoE layers from moe_start_layer onward (-1 = all eligible layers)
        router_use_full_prec: bool = False,  # use float32 precision in the router
        use_qwen3_moe_mlp: bool = True,  # use Qwen3-style MoE MLPs
        use_qwen3_dense_mlp: bool = True,  # use Qwen3-style dense MLPs in non-MoE layers
        bilinear_mlp_moe: bool = False,  # disable SiLU gating in Qwen3-style MoE MLPs and use raw bilinear gating instead
        # Sliding window attention pattern string, tiled across layers. Final layer always L.
        # Characters: L=long (full context), S=short (half context)
        # Examples: "L"=all full context, "SL"=alternating, "SSL"=two short then one long
        window_pattern: str = "SSSL",
        loss_chunk_tokens: int | None = None,
        debug: bool = False,
        **kwargs,
    ):
        kwargs.pop('use_experts_gate_output_loss', None)
        kwargs.pop('experts_gate_output_loss_weight', None)
        self.sequence_len = sequence_len
        self.vocab_size = vocab_size
        self.n_layer = n_layer
        self.n_head = n_head
        self.n_kv_head = n_kv_head if n_kv_head is not None else n_head
        self.n_embd = n_embd
        self.num_hidden_layers = n_layer    # For compatibility with lm-eval
        self.num_attention_heads = n_head   # For compatibility with lm-eval
        self.hidden_size = n_embd           # For compatibility with lm-eval
        self.n_exp = n_exp
        self.moe_top_k = moe_top_k  # Store with moe_ prefix to avoid HF generation conflict
        self.use_aux_loss = use_aux_loss
        self.use_aux_free_load_balancing = use_aux_free_load_balancing
        self.aux_free_load_balancing_bias_update_speed = aux_free_load_balancing_bias_update_speed
        self.use_router_z_loss = use_router_z_loss
        self.z_loss_demean_logits = z_loss_demean_logits
        self.z_loss_penalize_mean_logits = z_loss_penalize_mean_logits
        self.use_router_ortho_loss = use_router_ortho_loss
        valid_router_ortho_loss_targets = {"gate_proj"}
        if router_ortho_loss_target not in valid_router_ortho_loss_targets:
            raise ValueError(
                "router_ortho_loss_target must be one of "
                f"{sorted(valid_router_ortho_loss_targets)}, got {router_ortho_loss_target!r}"
            )
        self.router_ortho_loss_target = router_ortho_loss_target
        kwargs.pop('use_dense_gate_proj_bias', None)
        kwargs.pop('dense_gate_proj_bias_l2_loss_weight', None)
        legacy_bilinear_mlp = kwargs.pop('bilinear_mlp', None)
        self.use_exp_gate_proj_bias = bool(use_exp_gate_proj_bias)
        kwargs.pop('gate_proj_bias_residual_l2_loss_weight', None)
        valid_exp_gate_proj_bias_modes = {"full"}
        if exp_gate_proj_bias_mode not in valid_exp_gate_proj_bias_modes:
>           raise ValueError(
                "exp_gate_proj_bias_mode must be one of "
                f"{sorted(valid_exp_gate_proj_bias_modes)}, got {exp_gate_proj_bias_mode!r}"
            )
E           ValueError: exp_gate_proj_bias_mode must be one of ['full'], got 'rank1_residual'

nanochat/configuration_nanomoe_gpt.py:96: ValueError
__ test_compute_gate_proj_bias_magnitude_losses_reports_l2_for_rank1_residual __

    def test_compute_gate_proj_bias_magnitude_losses_reports_l2_for_rank1_residual():
        torch.manual_seed(0)
>       config = GPTConfig(
            n_layer=1,
            moe_start_layer=0,
            moe_layer_stride=1,
            n_exp=2,
            n_embd=4,
            n_head=1,
            n_kv_head=1,
            use_exp_gate_proj_bias=True,
            exp_gate_proj_bias_mode="rank1_residual",
            debug=False,
        )

tests/test_qwen3_moe_experts.py:288: 
_ _ _ _ _ _ _ _ _ _ _ _ _ _ _ _ _ _ _ _ _ _ _ _ _ _ _ _ _ _ _ _ _ _ _ _ _ _ _ _ 

self = <nanochat.configuration_nanomoe_gpt.GPTConfig object at 0x15541f5de350>
sequence_len = 2048, vocab_size = 50304, n_layer = 1, n_head = 1, n_kv_head = 1
n_embd = 4, n_exp = 2, moe_top_k = 2, use_aux_loss = True
use_aux_free_load_balancing = False
aux_free_load_balancing_bias_update_speed = 0.001, use_router_z_loss = True
z_loss_demean_logits = True, z_loss_penalize_mean_logits = True
use_router_ortho_loss = True, router_ortho_loss_target = 'gate_proj'
use_exp_gate_proj_bias = True, exp_gate_proj_bias_mode = 'rank1_residual'
exp_gate_proj_bias_input = 'top_logits'
use_gate_proj_bias_as_slope_scaler = False, gate_proj_bias_start_layer = 0
gate_stats_threshold = 0.1, gate_stats_topk = 16
gate_proj_bias_l2_loss_weight = 0.0, refresh_gate_proj_bias_references = False
use_noisy_top_k = False, aux_loss_weight = 0.001, router_z_loss_weight = 1e-05
router_z_loss_input_grad_scale = 0.1, router_ortho_loss_weight = 1e-05
router_ortho_neg_corr_weight = 1.0, train_capacity = 1, eval_capacity = 3.0
min_capacity = 4, moe_layer_stride = 1, moe_start_layer = 0, num_moe_layers = -1
router_use_full_prec = False, use_qwen3_moe_mlp = True
use_qwen3_dense_mlp = True, bilinear_mlp_moe = False, window_pattern = 'SSSL'
loss_chunk_tokens = None, debug = False, kwargs = {}
valid_router_ortho_loss_targets = {'gate_proj'}, legacy_bilinear_mlp = None
valid_exp_gate_proj_bias_modes = {'full'}

    def __init__(
        self,
        sequence_len: int = 2048,
        vocab_size: int = 50304,  # GPT-2 vocab_size of 50257, padded up to nearest multiple of 64 for efficiency
        n_layer: int = 8,
        n_head: int = 12,
        n_kv_head: int = None,  # if None, n_kv_head = n_head
        n_embd: int = 768,
        # MoE-related configs
        n_exp: int = 64,  # if n_exp = 1 we just use regular MLP layers
        moe_top_k: int = 2,  # renamed from top_k to avoid conflict with generation top_k
        use_aux_loss: bool = True,  # apply auxiliary loss (from Switch Transformer) in router
        use_aux_free_load_balancing: bool = False,  # use DeepSeekV3 auxiliary-loss-free load balancing via expert-selection bias updates
        aux_free_load_balancing_bias_update_speed: float = 1e-3,  # DeepSeekV3 expert-bias update coefficient
        use_router_z_loss: bool = True,  # apply router z loss (from ST-MoE)
        z_loss_demean_logits: bool = True,  # fix router z loss bug by removing mean of logits
        z_loss_penalize_mean_logits: bool = True,  # penalize mean logits in router z loss
        use_router_ortho_loss: bool = True,  # apply router orthogonality loss
        router_ortho_loss_target: str = "gate_proj",  # which expert projection to orthogonalize against router.w_g
        use_exp_gate_proj_bias: bool = False,  # add a learnable bias to Qwen3 expert gate activations after gate_proj and SiLU
        exp_gate_proj_bias_mode: str = "full",
        exp_gate_proj_bias_input: str = "top_logits",
        use_gate_proj_bias_as_slope_scaler: bool = False,
        gate_proj_bias_start_layer: int = 0,
        gate_stats_threshold: float = 0.1,
        gate_stats_topk: int = 16,
        gate_proj_bias_l2_loss_weight: float = 0.0,
        refresh_gate_proj_bias_references: bool = False,
        use_noisy_top_k: bool = False,
        aux_loss_weight: float = 0.001,  # default setting from Switch Transformer (see top of page 8)
        # router z loss: around 160~200. So we use a very small weight to avoid overwhelming the main loss, and we also scale down gradients to router inputs when computing z loss to further stabilize training.
        router_z_loss_weight: float = 1e-5,  # Much smaller than the setting used in ST-MoE (see page 8 eq. 6)
        router_z_loss_input_grad_scale: float = 0.1,  # scale down gradients to router input when computing router z loss.
        router_ortho_loss_weight: float = 1e-5,  # default weight for orthogonality loss
        router_ortho_neg_corr_weight: float = 1.0,  # weight for negative correlations in router-ortho loss
        train_capacity: float = 1,      # slightly smaller than 1.25, the default setting from ST-MoE (see top of page 6)
        eval_capacity: float = 3.0,     # 3.0 leads slightly better performance than 2.0 on CORE.
        min_capacity: int = 4,  # minimum batch size to send to any single expert
        moe_layer_stride: int = 1,  # one in every stride layers are converted to an MoE
        moe_start_layer: int = 2,  # layer index to start using MoE layers, if n_exp > 1
        num_moe_layers: int = -1,  # total number of MoE layers from moe_start_layer onward (-1 = all eligible layers)
        router_use_full_prec: bool = False,  # use float32 precision in the router
        use_qwen3_moe_mlp: bool = True,  # use Qwen3-style MoE MLPs
        use_qwen3_dense_mlp: bool = True,  # use Qwen3-style dense MLPs in non-MoE layers
        bilinear_mlp_moe: bool = False,  # disable SiLU gating in Qwen3-style MoE MLPs and use raw bilinear gating instead
        # Sliding window attention pattern string, tiled across layers. Final layer always L.
        # Characters: L=long (full context), S=short (half context)
        # Examples: "L"=all full context, "SL"=alternating, "SSL"=two short then one long
        window_pattern: str = "SSSL",
        loss_chunk_tokens: int | None = None,
        debug: bool = False,
        **kwargs,
    ):
        kwargs.pop('use_experts_gate_output_loss', None)
        kwargs.pop('experts_gate_output_loss_weight', None)
        self.sequence_len = sequence_len
        self.vocab_size = vocab_size
        self.n_layer = n_layer
        self.n_head = n_head
        self.n_kv_head = n_kv_head if n_kv_head is not None else n_head
        self.n_embd = n_embd
        self.num_hidden_layers = n_layer    # For compatibility with lm-eval
        self.num_attention_heads = n_head   # For compatibility with lm-eval
        self.hidden_size = n_embd           # For compatibility with lm-eval
        self.n_exp = n_exp
        self.moe_top_k = moe_top_k  # Store with moe_ prefix to avoid HF generation conflict
        self.use_aux_loss = use_aux_loss
        self.use_aux_free_load_balancing = use_aux_free_load_balancing
        self.aux_free_load_balancing_bias_update_speed = aux_free_load_balancing_bias_update_speed
        self.use_router_z_loss = use_router_z_loss
        self.z_loss_demean_logits = z_loss_demean_logits
        self.z_loss_penalize_mean_logits = z_loss_penalize_mean_logits
        self.use_router_ortho_loss = use_router_ortho_loss
        valid_router_ortho_loss_targets = {"gate_proj"}
        if router_ortho_loss_target not in valid_router_ortho_loss_targets:
            raise ValueError(
                "router_ortho_loss_target must be one of "
                f"{sorted(valid_router_ortho_loss_targets)}, got {router_ortho_loss_target!r}"
            )
        self.router_ortho_loss_target = router_ortho_loss_target
        kwargs.pop('use_dense_gate_proj_bias', None)
        kwargs.pop('dense_gate_proj_bias_l2_loss_weight', None)
        legacy_bilinear_mlp = kwargs.pop('bilinear_mlp', None)
        self.use_exp_gate_proj_bias = bool(use_exp_gate_proj_bias)
        kwargs.pop('gate_proj_bias_residual_l2_loss_weight', None)
        valid_exp_gate_proj_bias_modes = {"full"}
        if exp_gate_proj_bias_mode not in valid_exp_gate_proj_bias_modes:
>           raise ValueError(
                "exp_gate_proj_bias_mode must be one of "
                f"{sorted(valid_exp_gate_proj_bias_modes)}, got {exp_gate_proj_bias_mode!r}"
            )
E           ValueError: exp_gate_proj_bias_mode must be one of ['full'], got 'rank1_residual'

nanochat/configuration_nanomoe_gpt.py:96: ValueError
_______________ test_gate_activation_stats_match_logged_formulas _______________

    def test_gate_activation_stats_match_logged_formulas():
        torch.manual_seed(0)
        config = GPTConfig(
            n_exp=2,
            n_embd=4,
            gate_stats_threshold=0.2,
            gate_stats_topk=3,
            debug=False,
        )
        experts = Qwen3MLPExperts(config)
    
        x = torch.randn(config.n_exp, 5, config.n_embd)
    
        with torch.no_grad():
            experts.gate_proj.copy_(torch.randn_like(experts.gate_proj))
            experts.c_fc.copy_(torch.randn_like(experts.c_fc))
            experts.c_proj.copy_(torch.randn_like(experts.c_proj))
    
        _ = experts(x)
    
        gate = experts.act_fn(torch.bmm(x, experts.gate_proj)).abs().float()
        gate_sum = gate.sum(dim=-1)
        gate_probs = gate / gate_sum.clamp_min(1e-8).unsqueeze(-1)
        expected_mean_abs_gate = gate.mean()
        expected_active_frac = gate.gt(config.gate_stats_threshold).float().mean()
        expected_topk_share = (
            gate.topk(config.gate_stats_topk, dim=-1).values.sum(dim=-1)
            / gate_sum.clamp_min(1e-8)
        ).mean()
        expected_entropy = -(
            gate_probs * gate_probs.clamp_min(1e-8).log()
        ).sum(dim=-1).mean()
    
>       assert experts.last_gate_stats is not None
E       assert None is not None
E        +  where None = Qwen3MLPExperts(\n  (act_fn): SiLUActivation()\n).last_gate_stats

tests/test_qwen3_moe_experts.py:346: AssertionError
_ test_gate_proj_bias_shift_abs_mean_metrics_are_expert_specific_then_sqrt_token_weighted _

    def test_gate_proj_bias_shift_abs_mean_metrics_are_expert_specific_then_sqrt_token_weighted():
        config = GPTConfig(
            n_exp=2,
            n_embd=4,
            use_exp_gate_proj_bias=True,
            debug=False,
        )
        experts = Qwen3MLPExperts(config)
    
        with torch.no_grad():
            experts.gate_proj_bias[0].fill_(2.0)
            experts.gate_proj_bias[1].fill_(6.0)
    
        MANAGER.reset("gate_proj_bias_shift_abs_mean")
        MANAGER.reset("gate_proj_bias_shift_abs_mean_normalized")
    
        selected_router_scores = torch.tensor([
            [1.0, 1.0, 0.0],
            [1.0, 0.0, 0.0],
        ])
        experts._update_gate_proj_bias_shift_stats(selected_router_scores)
    
        shift_abs_mean = MANAGER.aggregate("gate_proj_bias_shift_abs_mean")
        normalized_shift_abs_mean = MANAGER.aggregate("gate_proj_bias_shift_abs_mean_normalized")
    
        MANAGER.reset("gate_proj_bias_shift_abs_mean")
        MANAGER.reset("gate_proj_bias_shift_abs_mean_normalized")
    
>       torch.testing.assert_close(shift_abs_mean, torch.tensor([10.0 / 3.0]))
E       AssertionError: None mismatch: None is not tensor([3.3333])

tests/test_qwen3_moe_experts.py:588: AssertionError
___ test_gate_slope_scale_stats_are_logged_and_detached_in_slope_scaler_mode ___

    def test_gate_slope_scale_stats_are_logged_and_detached_in_slope_scaler_mode():
        config = GPTConfig(
            n_exp=2,
            n_embd=4,
            use_exp_gate_proj_bias=True,
            use_gate_proj_bias_as_slope_scaler=True,
            debug=False,
        )
        experts = Qwen3MLPExperts(config)
    
        with torch.no_grad():
            experts.gate_proj_bias.fill_(1.0)
    
        MANAGER.reset("gate_proj_bias_shift_abs_mean")
        MANAGER.reset("gate_proj_bias_shift_abs_mean_normalized")
    
        selected_router_scores = torch.tensor([
            [1.0, 0.5],
            [0.0, 0.0],
        ], requires_grad=True)
        slope_scales = experts._compute_gate_slope_scales(
            experts.gate_proj_bias,
            selected_router_scores,
        )
        experts._update_gate_slope_scale_stats(slope_scales, selected_router_scores)
    
        shift_abs_mean = MANAGER.aggregate("gate_proj_bias_shift_abs_mean")
        normalized_shift_abs_mean = MANAGER.aggregate("gate_proj_bias_shift_abs_mean_normalized")
    
        expected_scale_1 = math.exp(math.log(4.0) * math.tanh(-2.0))
        expected_scale_2 = math.exp(math.log(4.0) * math.tanh(-1.0))
        expected_mean = torch.tensor([(expected_scale_1 + expected_scale_2) / 2.0])
    
        MANAGER.reset("gate_proj_bias_shift_abs_mean")
        MANAGER.reset("gate_proj_bias_shift_abs_mean_normalized")
    
>       torch.testing.assert_close(shift_abs_mean, expected_mean)
E       AssertionError: None mismatch: None is not tensor([0.3053])

tests/test_qwen3_moe_experts.py:629: AssertionError
_ test_gpt_forward_reports_gate_proj_bias_shift_abs_mean_metric_in_slope_scaler_mode _

    def test_gpt_forward_reports_gate_proj_bias_shift_abs_mean_metric_in_slope_scaler_mode():
        torch.manual_seed(0)
        config = GPTConfig(
            sequence_len=8,
            vocab_size=32,
            n_layer=3,
            moe_start_layer=1,
            num_moe_layers=1,
            moe_layer_stride=1,
            n_exp=2,
            n_embd=32,
            n_head=4,
            use_aux_loss=False,
            use_router_z_loss=False,
            use_router_ortho_loss=False,
            use_exp_gate_proj_bias=True,
            use_gate_proj_bias_as_slope_scaler=True,
            debug=False,
        )
        model = GPT(config)
        model.init_weights()
    
        with torch.no_grad():
            model.transformer.h[1].mlp.experts.gate_proj_bias.fill_(2.0)
    
        idx = torch.randint(0, config.vocab_size, (2, 4))
        targets = torch.randint(0, config.vocab_size, (2, 4))
    
        old_collect = MANAGER.collect_load_balancing_stats
        MANAGER.collect_load_balancing_stats = True
        try:
            _, losses = model(idx, targets)
        finally:
            MANAGER.collect_load_balancing_stats = old_collect
    
        assert 'gate_proj_bias_shift_abs_mean' in losses
        assert 'gate_proj_bias_shift_abs_mean_normalized' in losses
        assert 'gate_proj_bias_shift_abs_mean_1' in losses
        assert 'gate_proj_bias_shift_abs_mean_normalized_1' in losses
        assert torch.isfinite(losses['gate_proj_bias_shift_abs_mean'])
        assert torch.isfinite(losses['gate_proj_bias_shift_abs_mean_normalized'])
        assert losses['gate_proj_bias_shift_abs_mean'].item() >= 0.0
        assert losses['gate_proj_bias_shift_abs_mean_normalized'].item() >= 0.0
        torch.testing.assert_close(
            losses['gate_proj_bias_shift_abs_mean'],
            torch.tensor(losses['gate_proj_bias_shift_abs_mean_1']),
        )
        torch.testing.assert_close(
            losses['gate_proj_bias_shift_abs_mean_normalized'],
            torch.tensor(losses['gate_proj_bias_shift_abs_mean_normalized_1']),
        )
    
    
        assert losses['gate_grad_scale_min'].numel() == 0
        assert losses['gate_grad_scale_max'].numel() == 0
        assert losses['gate_proj_bias_shift_abs_top5p_mean'].numel() == 0
>       assert losses['gate_proj_bias_shift_abs_bottom5p_mean'].numel() == 0
E       assert 1 == 0
E        +  where 1 = <built-in method numel of Tensor object at 0x15541f4bdf40>()
E        +    where <built-in method numel of Tensor object at 0x15541f4bdf40> = tensor([0.2754]).numel

tests/test_qwen3_moe_experts.py:773: AssertionError
----------------------------- Captured stdout call -----------------------------
Padding vocab_size from 32 to 64 for efficiency
___ test_rank1_gate_projection_bias_has_expected_factor_shapes_when_enabled ____

    def test_rank1_gate_projection_bias_has_expected_factor_shapes_when_enabled():
>       config = GPTConfig(
            n_exp=2,
            n_embd=4,
            use_exp_gate_proj_bias=True,
            exp_gate_proj_bias_mode="rank1",
            debug=False,
        )

tests/test_qwen3_moe_experts.py:864: 
_ _ _ _ _ _ _ _ _ _ _ _ _ _ _ _ _ _ _ _ _ _ _ _ _ _ _ _ _ _ _ _ _ _ _ _ _ _ _ _ 

self = <nanochat.configuration_nanomoe_gpt.GPTConfig object at 0x15541f5defd0>
sequence_len = 2048, vocab_size = 50304, n_layer = 8, n_head = 12
n_kv_head = None, n_embd = 4, n_exp = 2, moe_top_k = 2, use_aux_loss = True
use_aux_free_load_balancing = False
aux_free_load_balancing_bias_update_speed = 0.001, use_router_z_loss = True
z_loss_demean_logits = True, z_loss_penalize_mean_logits = True
use_router_ortho_loss = True, router_ortho_loss_target = 'gate_proj'
use_exp_gate_proj_bias = True, exp_gate_proj_bias_mode = 'rank1'
exp_gate_proj_bias_input = 'top_logits'
use_gate_proj_bias_as_slope_scaler = False, gate_proj_bias_start_layer = 0
gate_stats_threshold = 0.1, gate_stats_topk = 16
gate_proj_bias_l2_loss_weight = 0.0, refresh_gate_proj_bias_references = False
use_noisy_top_k = False, aux_loss_weight = 0.001, router_z_loss_weight = 1e-05
router_z_loss_input_grad_scale = 0.1, router_ortho_loss_weight = 1e-05
router_ortho_neg_corr_weight = 1.0, train_capacity = 1, eval_capacity = 3.0
min_capacity = 4, moe_layer_stride = 1, moe_start_layer = 2, num_moe_layers = -1
router_use_full_prec = False, use_qwen3_moe_mlp = True
use_qwen3_dense_mlp = True, bilinear_mlp_moe = False, window_pattern = 'SSSL'
loss_chunk_tokens = None, debug = False, kwargs = {}
valid_router_ortho_loss_targets = {'gate_proj'}, legacy_bilinear_mlp = None
valid_exp_gate_proj_bias_modes = {'full'}

    def __init__(
        self,
        sequence_len: int = 2048,
        vocab_size: int = 50304,  # GPT-2 vocab_size of 50257, padded up to nearest multiple of 64 for efficiency
        n_layer: int = 8,
        n_head: int = 12,
        n_kv_head: int = None,  # if None, n_kv_head = n_head
        n_embd: int = 768,
        # MoE-related configs
        n_exp: int = 64,  # if n_exp = 1 we just use regular MLP layers
        moe_top_k: int = 2,  # renamed from top_k to avoid conflict with generation top_k
        use_aux_loss: bool = True,  # apply auxiliary loss (from Switch Transformer) in router
        use_aux_free_load_balancing: bool = False,  # use DeepSeekV3 auxiliary-loss-free load balancing via expert-selection bias updates
        aux_free_load_balancing_bias_update_speed: float = 1e-3,  # DeepSeekV3 expert-bias update coefficient
        use_router_z_loss: bool = True,  # apply router z loss (from ST-MoE)
        z_loss_demean_logits: bool = True,  # fix router z loss bug by removing mean of logits
        z_loss_penalize_mean_logits: bool = True,  # penalize mean logits in router z loss
        use_router_ortho_loss: bool = True,  # apply router orthogonality loss
        router_ortho_loss_target: str = "gate_proj",  # which expert projection to orthogonalize against router.w_g
        use_exp_gate_proj_bias: bool = False,  # add a learnable bias to Qwen3 expert gate activations after gate_proj and SiLU
        exp_gate_proj_bias_mode: str = "full",
        exp_gate_proj_bias_input: str = "top_logits",
        use_gate_proj_bias_as_slope_scaler: bool = False,
        gate_proj_bias_start_layer: int = 0,
        gate_stats_threshold: float = 0.1,
        gate_stats_topk: int = 16,
        gate_proj_bias_l2_loss_weight: float = 0.0,
        refresh_gate_proj_bias_references: bool = False,
        use_noisy_top_k: bool = False,
        aux_loss_weight: float = 0.001,  # default setting from Switch Transformer (see top of page 8)
        # router z loss: around 160~200. So we use a very small weight to avoid overwhelming the main loss, and we also scale down gradients to router inputs when computing z loss to further stabilize training.
        router_z_loss_weight: float = 1e-5,  # Much smaller than the setting used in ST-MoE (see page 8 eq. 6)
        router_z_loss_input_grad_scale: float = 0.1,  # scale down gradients to router input when computing router z loss.
        router_ortho_loss_weight: float = 1e-5,  # default weight for orthogonality loss
        router_ortho_neg_corr_weight: float = 1.0,  # weight for negative correlations in router-ortho loss
        train_capacity: float = 1,      # slightly smaller than 1.25, the default setting from ST-MoE (see top of page 6)
        eval_capacity: float = 3.0,     # 3.0 leads slightly better performance than 2.0 on CORE.
        min_capacity: int = 4,  # minimum batch size to send to any single expert
        moe_layer_stride: int = 1,  # one in every stride layers are converted to an MoE
        moe_start_layer: int = 2,  # layer index to start using MoE layers, if n_exp > 1
        num_moe_layers: int = -1,  # total number of MoE layers from moe_start_layer onward (-1 = all eligible layers)
        router_use_full_prec: bool = False,  # use float32 precision in the router
        use_qwen3_moe_mlp: bool = True,  # use Qwen3-style MoE MLPs
        use_qwen3_dense_mlp: bool = True,  # use Qwen3-style dense MLPs in non-MoE layers
        bilinear_mlp_moe: bool = False,  # disable SiLU gating in Qwen3-style MoE MLPs and use raw bilinear gating instead
        # Sliding window attention pattern string, tiled across layers. Final layer always L.
        # Characters: L=long (full context), S=short (half context)
        # Examples: "L"=all full context, "SL"=alternating, "SSL"=two short then one long
        window_pattern: str = "SSSL",
        loss_chunk_tokens: int | None = None,
        debug: bool = False,
        **kwargs,
    ):
        kwargs.pop('use_experts_gate_output_loss', None)
        kwargs.pop('experts_gate_output_loss_weight', None)
        self.sequence_len = sequence_len
        self.vocab_size = vocab_size
        self.n_layer = n_layer
        self.n_head = n_head
        self.n_kv_head = n_kv_head if n_kv_head is not None else n_head
        self.n_embd = n_embd
        self.num_hidden_layers = n_layer    # For compatibility with lm-eval
        self.num_attention_heads = n_head   # For compatibility with lm-eval
        self.hidden_size = n_embd           # For compatibility with lm-eval
        self.n_exp = n_exp
        self.moe_top_k = moe_top_k  # Store with moe_ prefix to avoid HF generation conflict
        self.use_aux_loss = use_aux_loss
        self.use_aux_free_load_balancing = use_aux_free_load_balancing
        self.aux_free_load_balancing_bias_update_speed = aux_free_load_balancing_bias_update_speed
        self.use_router_z_loss = use_router_z_loss
        self.z_loss_demean_logits = z_loss_demean_logits
        self.z_loss_penalize_mean_logits = z_loss_penalize_mean_logits
        self.use_router_ortho_loss = use_router_ortho_loss
        valid_router_ortho_loss_targets = {"gate_proj"}
        if router_ortho_loss_target not in valid_router_ortho_loss_targets:
            raise ValueError(
                "router_ortho_loss_target must be one of "
                f"{sorted(valid_router_ortho_loss_targets)}, got {router_ortho_loss_target!r}"
            )
        self.router_ortho_loss_target = router_ortho_loss_target
        kwargs.pop('use_dense_gate_proj_bias', None)
        kwargs.pop('dense_gate_proj_bias_l2_loss_weight', None)
        legacy_bilinear_mlp = kwargs.pop('bilinear_mlp', None)
        self.use_exp_gate_proj_bias = bool(use_exp_gate_proj_bias)
        kwargs.pop('gate_proj_bias_residual_l2_loss_weight', None)
        valid_exp_gate_proj_bias_modes = {"full"}
        if exp_gate_proj_bias_mode not in valid_exp_gate_proj_bias_modes:
>           raise ValueError(
                "exp_gate_proj_bias_mode must be one of "
                f"{sorted(valid_exp_gate_proj_bias_modes)}, got {exp_gate_proj_bias_mode!r}"
            )
E           ValueError: exp_gate_proj_bias_mode must be one of ['full'], got 'rank1'

nanochat/configuration_nanomoe_gpt.py:96: ValueError
=========================== short test summary info ============================
FAILED tests/test_qwen3_moe_experts.py::test_rank1_gate_projection_bias_matches_outer_product_in_forward
FAILED tests/test_qwen3_moe_experts.py::test_rank1_residual_gate_projection_bias_adds_dense_residual_in_forward
FAILED tests/test_qwen3_moe_experts.py::test_rank1_residual_gate_projection_bias_residual_uses_tenth_lr
FAILED tests/test_qwen3_moe_experts.py::test_compute_gate_proj_bias_magnitude_losses_reports_l2_for_rank1_residual
FAILED tests/test_qwen3_moe_experts.py::test_gate_activation_stats_match_logged_formulas
FAILED tests/test_qwen3_moe_experts.py::test_gate_proj_bias_shift_abs_mean_metrics_are_expert_specific_then_sqrt_token_weighted
FAILED tests/test_qwen3_moe_experts.py::test_gate_slope_scale_stats_are_logged_and_detached_in_slope_scaler_mode
FAILED tests/test_qwen3_moe_experts.py::test_gpt_forward_reports_gate_proj_bias_shift_abs_mean_metric_in_slope_scaler_mode
FAILED tests/test_qwen3_moe_experts.py::test_rank1_gate_projection_bias_has_expected_factor_shapes_when_enabled
======================== 9 failed, 24 passed in 16.29s =========================
